@Croc-Prog-github ➜ /workspaces/The-Bocchette-2 (main) $ chmod +x start_servers.sh
chmod: cannot access 'start_servers.sh': No such file or directory
@Croc-Prog-github ➜ /workspaces/The-Bocchette-2 (main) $ chmod +x start_servers.sh
chmod: cannot access 'start_servers.sh': No such file or directory
@Croc-Prog-github ➜ /workspaces/The-Bocchette-2 (main) $ chmod +x /ServerService/start.sh
chmod: cannot access '/ServerService/start.sh': No such file or directory
@Croc-Prog-github ➜ /workspaces/The-Bocchette-2 (main) $ chmod +x ServerService/start.sh
@Croc-Prog-github ➜ /workspaces/The-Bocchette-2 (main) $ ./ServerService/start.sh
yarn install v1.22.19
warning package-lock.json found. Your project contains lock files generated by tools other than Yarn. It is advised not to mix package managers in order to avoid resolution inconsistencies caused by unsynchronized lock files. To clear this warning, remove package-lock.json.
[1/4] Resolving packages...
success Already up-to-date.
Done in 0.33s.
yarn run v1.22.19
$ vite
Port 5173 is in use, trying another one...

  VITE v4.5.3  ready in 227 ms

  ➜  Local:   http://localhost:5174/
  ➜  Network: use --host to expose
./ServerService/start.sh: line 10: cd: /The-Bocchette-2/ServerService/MultiP-server: No such file or directory
./ServerService/start.sh: line 11: gnome-terminal: command not found
@Croc-Prog-github ➜ /workspaces/The-Bocchette-2 (main) $ ./ServerService/start.sh
yarn install v1.22.19
warning package-lock.json found. Your project contains lock files generated by tools other than Yarn. It is advised not to mix package managers in order to avoid resolution inconsistencies caused by unsynchronized lock files. To clear this warning, remove package-lock.json.
[1/4] Resolving packages...
success Already up-to-date.
Done in 0.39s.
yarn run v1.22.19
$ vite
Port 5173 is in use, trying another one...
Port 5174 is in use, trying another one...

  VITE v4.5.3  ready in 212 ms

  ➜  Local:   http://localhost:5175/
  ➜  Network: use --host to expose
./ServerService/start.sh: line 10: cd: /ServerService/MultiP-server: No such file or directory
./ServerService/start.sh: line 11: gnome-terminal: command not found
@Croc-Prog-github ➜ /workspaces/The-Bocchette-2 (main) $ ./ServerService/start.sh
yarn install v1.22.19
warning package-lock.json found. Your project contains lock files generated by tools other than Yarn. It is advised not to mix package managers in order to avoid resolution inconsistencies caused by unsynchronized lock files. To clear this warning, remove package-lock.json.
[1/4] Resolving packages...
success Already up-to-date.
Done in 0.39s.
yarn run v1.22.19
$ vite
Port 5173 is in use, trying another one...
Port 5174 is in use, trying another one...
Port 5175 is in use, trying another one...

  VITE v4.5.3  ready in 189 ms

  ➜  Local:   http://localhost:5176/
  ➜  Network: use --host to expose
./ServerService/start.sh: line 11: gnome-terminal: command not found
@Croc-Prog-github ➜ /workspaces/The-Bocchette-2 (main) $ ./ServerService/start.sh
yarn install v1.22.19
warning package-lock.json found. Your project contains lock files generated by tools other than Yarn. It is advised not to mix package managers in order to avoid resolution inconsistencies caused by unsynchronized lock files. To clear this warning, remove package-lock.json.
[1/4] Resolving packages...
success Already up-to-date.
Done in 0.42s.
yarn run v1.22.19
$ vite
Port 5173 is in use, trying another one...
Port 5174 is in use, trying another one...
Port 5175 is in use, trying another one...
Port 5176 is in use, trying another one...

  VITE v4.5.3  ready in 264 ms

  ➜  Local:   http://localhost:5177/
  ➜  Network: use --host to expose
./ServerService/start.sh: line 16: gnome-terminal: command not found
@Croc-Prog-github ➜ /workspaces/The-Bocchette-2 (main) $ ./ServerService/start.sh
yarn install v1.22.19
warning package-lock.json found. Your project contains lock files generated by tools other than Yarn. It is advised not to mix package managers in order to avoid resolution inconsistencies caused by unsynchronized lock files. To clear this warning, remove package-lock.json.
[1/4] Resolving packages...
success Already up-to-date.
Done in 0.33s.
yarn run v1.22.19
$ vite
Port 5173 is in use, trying another one...
Port 5174 is in use, trying another one...
Port 5175 is in use, trying another one...
Port 5176 is in use, trying another one...
Port 5177 is in use, trying another one...

  VITE v4.5.3  ready in 208 ms

  ➜  Local:   http://localhost:5178/
  ➜  Network: use --host to expose
./ServerService/start.sh: line 13: open: command not found